// Jest Snapshot v1, https://goo.gl/fbAQLP

exports[`NewBoard renders correctly 1`] = `
<div>
  <main
    class="MuiBox-root css-i9gxme"
  >
    <div
      class="MuiStack-root css-vsjeqg-MuiStack-root"
    >
      <div
        class="MuiStack-root css-1sd6chr-MuiStack-root"
      >
        <nav
          aria-label="breadcrumb"
          class="MuiTypography-root MuiTypography-body1 MuiBreadcrumbs-root css-5cvx94-MuiTypography-root-MuiBreadcrumbs-root"
        >
          <ol
            class="MuiBreadcrumbs-ol css-1uwp4ue-MuiBreadcrumbs-ol"
          >
            <li
              class="MuiBreadcrumbs-li"
            >
              <p
                class="MuiTypography-root MuiTypography-body1 css-1d2i4tu-MuiTypography-root"
              >
                Boards
              </p>
            </li>
          </ol>
        </nav>
        <div
          class="MuiStack-root css-1oxswqj-MuiStack-root"
        >
          <button
            class="MuiButtonBase-root MuiButton-root MuiButton-contained MuiButton-containedPrimary MuiButton-sizeMedium MuiButton-containedSizeMedium MuiButton-colorPrimary MuiButton-root MuiButton-contained MuiButton-containedPrimary MuiButton-sizeMedium MuiButton-containedSizeMedium MuiButton-colorPrimary css-74d805-MuiButtonBase-root-MuiButton-root"
            id=":r0:"
            tabindex="0"
            type="button"
          >
            Sign out
          </button>
        </div>
      </div>
      <form>
        <h1
          class="MuiTypography-root MuiTypography-h1 MuiTypography-gutterBottom css-dyz9rb-MuiTypography-root"
        >
          Create New Board
        </h1>
        <br />
        <label
          class="MuiFormLabel-root MuiInputLabel-root MuiInputLabel-animated MuiFormLabel-colorPrimary MuiInputLabel-root MuiInputLabel-animated css-1tkmop-MuiFormLabel-root-MuiInputLabel-root"
          id="board-name-label"
        >
          Name
        </label>
        <div
          class="MuiFormControl-root MuiFormControl-fullWidth MuiTextField-root css-cmpglg-MuiFormControl-root-MuiTextField-root"
        >
          <div
            class="MuiInputBase-root MuiOutlinedInput-root MuiInputBase-colorPrimary MuiInputBase-fullWidth MuiInputBase-formControl css-1blp12k-MuiInputBase-root-MuiOutlinedInput-root"
          >
            <input
              aria-invalid="false"
              class="MuiInputBase-input MuiOutlinedInput-input css-16wblaj-MuiInputBase-input-MuiOutlinedInput-input"
              id="board-name"
              type="text"
              value=""
            />
            <fieldset
              aria-hidden="true"
              class="MuiOutlinedInput-notchedOutline css-1ll44ll-MuiOutlinedInput-notchedOutline"
            >
              <legend
                class="css-w4cd9x"
              >
                <span
                  aria-hidden="true"
                  class="notranslate"
                >
                  ​
                </span>
              </legend>
            </fieldset>
          </div>
        </div>
        <label
          class="MuiFormLabel-root MuiInputLabel-root MuiInputLabel-animated MuiFormLabel-colorPrimary MuiInputLabel-root MuiInputLabel-animated css-1tkmop-MuiFormLabel-root-MuiInputLabel-root"
          id="manager-label"
        >
          Manager
        </label>
        <div
          class="MuiInputBase-root MuiOutlinedInput-root MuiInputBase-colorPrimary MuiInputBase-fullWidth MuiSelect-root css-ovbmre-MuiInputBase-root-MuiOutlinedInput-root-MuiSelect-root"
        >
          <div
            aria-expanded="false"
            aria-haspopup="listbox"
            aria-labelledby="manager"
            class="MuiSelect-select MuiSelect-outlined MuiInputBase-input MuiOutlinedInput-input css-w76bbz-MuiSelect-select-MuiInputBase-input-MuiOutlinedInput-input"
            id="manager"
            role="combobox"
            tabindex="0"
          >
            <span
              aria-hidden="true"
              class="notranslate"
            >
              ​
            </span>
          </div>
          <input
            aria-hidden="true"
            aria-invalid="false"
            class="MuiSelect-nativeInput css-j0riat-MuiSelect-nativeInput"
            tabindex="-1"
            value=""
          />
          <svg
            aria-hidden="true"
            class="MuiSvgIcon-root MuiSvgIcon-fontSizeMedium MuiSelect-icon MuiSelect-iconOutlined css-lohd6h-MuiSvgIcon-root-MuiSelect-icon"
            data-testid="ArrowDropDownIcon"
            focusable="false"
            viewBox="0 0 24 24"
          >
            <path
              d="M7 10l5 5 5-5z"
            />
          </svg>
          <fieldset
            aria-hidden="true"
            class="MuiOutlinedInput-notchedOutline css-1ll44ll-MuiOutlinedInput-notchedOutline"
          >
            <legend
              class="css-w4cd9x"
            >
              <span
                aria-hidden="true"
                class="notranslate"
              >
                ​
              </span>
            </legend>
          </fieldset>
        </div>
        <label
          class="MuiFormLabel-root MuiInputLabel-root MuiInputLabel-animated MuiFormLabel-colorPrimary MuiInputLabel-root MuiInputLabel-animated css-1tkmop-MuiFormLabel-root-MuiInputLabel-root"
          id="users-label"
        >
          Users
        </label>
        <div
          class="MuiInputBase-root MuiOutlinedInput-root MuiInputBase-colorPrimary MuiInputBase-fullWidth MuiSelect-root css-1blp12k-MuiInputBase-root-MuiOutlinedInput-root"
        >
          <div
            aria-expanded="false"
            aria-haspopup="listbox"
            aria-labelledby="users"
            class="MuiSelect-select MuiSelect-outlined MuiSelect-multiple MuiInputBase-input MuiOutlinedInput-input css-w76bbz-MuiSelect-select-MuiInputBase-input-MuiOutlinedInput-input"
            id="users"
            role="combobox"
            tabindex="0"
          >
            <span
              aria-hidden="true"
              class="notranslate"
            >
              ​
            </span>
          </div>
          <input
            aria-hidden="true"
            aria-invalid="false"
            class="MuiSelect-nativeInput css-j0riat-MuiSelect-nativeInput"
            id="select-multiple-chip"
            tabindex="-1"
            value=""
          />
          <svg
            aria-hidden="true"
            class="MuiSvgIcon-root MuiSvgIcon-fontSizeMedium MuiSelect-icon MuiSelect-iconOutlined css-lohd6h-MuiSvgIcon-root-MuiSelect-icon"
            data-testid="ArrowDropDownIcon"
            focusable="false"
            viewBox="0 0 24 24"
          >
            <path
              d="M7 10l5 5 5-5z"
            />
          </svg>
          <fieldset
            aria-hidden="true"
            class="MuiOutlinedInput-notchedOutline css-1ll44ll-MuiOutlinedInput-notchedOutline"
          >
            <legend
              class="css-81qg8w"
            >
              <span>
                Chip
              </span>
            </legend>
          </fieldset>
        </div>
        <a
          class="MuiButtonBase-root MuiButton-root MuiButton-contained MuiButton-containedError MuiButton-sizeMedium MuiButton-containedSizeMedium MuiButton-colorError MuiButton-root MuiButton-contained MuiButton-containedError MuiButton-sizeMedium MuiButton-containedSizeMedium MuiButton-colorError css-1f7qp0x-MuiButtonBase-root-MuiButton-root"
          href="/boards"
          id=":r4:"
          tabindex="0"
        >
          Cancel
        </a>
        <button
          class="MuiButtonBase-root MuiButton-root MuiButton-contained MuiButton-containedSecondary MuiButton-sizeMedium MuiButton-containedSizeMedium MuiButton-colorSecondary MuiButton-root MuiButton-contained MuiButton-containedSecondary MuiButton-sizeMedium MuiButton-containedSizeMedium MuiButton-colorSecondary css-1mns5ui-MuiButtonBase-root-MuiButton-root"
          id=":r5:"
          tabindex="0"
          type="button"
        >
          Create
        </button>
      </form>
    </div>
  </main>
</div>
`;
