// Jest Snapshot v1, https://goo.gl/fbAQLP

exports[`Unauthorised renders correctly 1`] = `
<div>
  <div
    class="MuiBox-root css-k008qs"
  >
    <main
      class="MuiBox-root css-i9gxme"
    >
      <div
        class="MuiStack-root css-13klx5x-MuiStack-root"
      >
        <h6
          class="MuiTypography-root MuiTypography-h6 css-1miy0lu-MuiTypography-root"
          element="h1"
        >
          Not authorised to access this page
        </h6>
      </div>
    </main>
  </div>
</div>
`;
