// Jest Snapshot v1, https://goo.gl/fbAQLP

exports[`CheckInTaskCard renders correctly 1`] = `
<div>
  <div
    class="MuiPaper-root MuiPaper-elevation MuiPaper-rounded MuiPaper-elevation1 MuiCard-root css-1qgr1xq-MuiPaper-root-MuiCard-root"
    style="--Paper-shadow: 0px 2px 1px -1px rgba(0,0,0,0.2),0px 1px 1px 0px rgba(0,0,0,0.14),0px 1px 3px 0px rgba(0,0,0,0.12);"
  >
    <div
      class="MuiCardContent-root css-1lt5qva-MuiCardContent-root"
    >
      <p
        class="MuiTypography-root MuiTypography-body1 MuiTypography-gutterBottom css-1wdikoc-MuiTypography-root"
      >
        <a
          class="MuiTypography-root MuiTypography-inherit MuiLink-root MuiLink-underlineNone css-18rqtra-MuiTypography-root-MuiLink-root"
          href="/boards/tasks/"
        />
      </p>
      <div
        class="MuiTypography-root MuiTypography-h5 css-16xl4zq-MuiTypography-root"
      />
      <p
        class="MuiTypography-root MuiTypography-body1 css-17v1mfu-MuiTypography-root"
      />
    </div>
  </div>
</div>
`;
