// Jest Snapshot v1, https://goo.gl/fbAQLP

exports[`Features renders correctly 1`] = `
<div>
  <div
    class="MuiContainer-root MuiContainer-maxWidthLg css-xkgqcd-MuiContainer-root"
    id="features"
  >
    <div
      class="MuiBox-root css-1cxhys7"
    >
      <h2
        class="MuiTypography-root MuiTypography-h4 MuiTypography-gutterBottom css-1tydu15-MuiTypography-root"
      >
        Product features
      </h2>
      <p
        class="MuiTypography-root MuiTypography-body1 css-1fdgtl5-MuiTypography-root"
      >
        Provide a brief overview of the key features of the product. For example, you could list the number of features, their types or benefits, and add-ons.
      </p>
    </div>
    <div
      class="MuiBox-root css-1f9uce6"
    >
      <div>
        <div
          class="MuiBox-root css-ltn6y3"
        >
          <button
            class="MuiButtonBase-root MuiButton-root MuiButton-text MuiButton-textPrimary MuiButton-sizeMedium MuiButton-textSizeMedium MuiButton-colorPrimary MuiButton-root MuiButton-text MuiButton-textPrimary MuiButton-sizeMedium MuiButton-textSizeMedium MuiButton-colorPrimary MuiBox-root css-1d11eu5-MuiButtonBase-root-MuiButton-root"
            id=":r0:"
            tabindex="0"
            type="button"
          >
            <div
              class="MuiBox-root css-1ntlpld"
            >
              <svg
                aria-hidden="true"
                class="MuiSvgIcon-root MuiSvgIcon-fontSizeMedium css-1umw9bq-MuiSvgIcon-root"
                data-testid="ViewQuiltRoundedIcon"
                focusable="false"
                viewBox="0 0 24 24"
              >
                <path
                  d="M21 6v4.5c0 .55-.45 1-1 1h-9.67c-.55 0-1-.45-1-1V6c0-.55.45-1 1-1H20c.55 0 1 .45 1 1m-6.33 12v-4.5c0-.55-.45-1-1-1h-3.33c-.55 0-1 .45-1 1V18c0 .55.45 1 1 1h3.33c.55 0 1-.45 1-1m1-4.5V18c0 .55.45 1 1 1H20c.55 0 1-.45 1-1v-4.5c0-.55-.45-1-1-1h-3.33c-.56 0-1 .45-1 1M8.33 18V6c0-.55-.45-1-1-1H4c-.55 0-1 .45-1 1v12c0 .55.45 1 1 1h3.33c.56 0 1-.45 1-1"
                />
              </svg>
              <h6
                class="MuiTypography-root MuiTypography-h6 css-1miy0lu-MuiTypography-root"
              >
                Dashboard
              </h6>
              <p
                class="MuiTypography-root MuiTypography-body2 css-7ctihp-MuiTypography-root"
              >
                This item could provide a snapshot of the most important metrics or data points related to the product.
              </p>
            </div>
          </button>
          <button
            class="MuiButtonBase-root MuiButton-root MuiButton-text MuiButton-textPrimary MuiButton-sizeMedium MuiButton-textSizeMedium MuiButton-colorPrimary MuiButton-root MuiButton-text MuiButton-textPrimary MuiButton-sizeMedium MuiButton-textSizeMedium MuiButton-colorPrimary MuiBox-root css-1bnwcwe-MuiButtonBase-root-MuiButton-root"
            id=":r1:"
            tabindex="0"
            type="button"
          >
            <div
              class="MuiBox-root css-q8sgpl"
            >
              <svg
                aria-hidden="true"
                class="MuiSvgIcon-root MuiSvgIcon-fontSizeMedium css-1umw9bq-MuiSvgIcon-root"
                data-testid="EdgesensorHighRoundedIcon"
                focusable="false"
                viewBox="0 0 24 24"
              >
                <path
                  d="M4 7c.55 0 1 .45 1 1v5c0 .55-.45 1-1 1s-1-.45-1-1V8c0-.55.45-1 1-1m-3 3c.55 0 1 .45 1 1v5c0 .55-.45 1-1 1s-1-.45-1-1v-5c0-.55.45-1 1-1m22-3c.55 0 1 .45 1 1v5c0 .55-.45 1-1 1s-1-.45-1-1V8c0-.55.45-1 1-1m-3 3c.55 0 1 .45 1 1v5c0 .55-.45 1-1 1s-1-.45-1-1v-5c0-.55.45-1 1-1m-4-7.99L8 2c-1.1 0-2 .9-2 2v16c0 1.1.9 2 2 2h8c1.1 0 2-.9 2-2V4c0-1.1-.9-1.99-2-1.99M16 17H8V7h8z"
                />
              </svg>
              <h6
                class="MuiTypography-root MuiTypography-h6 css-1miy0lu-MuiTypography-root"
              >
                Mobile integration
              </h6>
              <p
                class="MuiTypography-root MuiTypography-body2 css-7ctihp-MuiTypography-root"
              >
                This item could provide information about the mobile app version of the product.
              </p>
            </div>
          </button>
          <button
            class="MuiButtonBase-root MuiButton-root MuiButton-text MuiButton-textPrimary MuiButton-sizeMedium MuiButton-textSizeMedium MuiButton-colorPrimary MuiButton-root MuiButton-text MuiButton-textPrimary MuiButton-sizeMedium MuiButton-textSizeMedium MuiButton-colorPrimary MuiBox-root css-1bnwcwe-MuiButtonBase-root-MuiButton-root"
            id=":r2:"
            tabindex="0"
            type="button"
          >
            <div
              class="MuiBox-root css-q8sgpl"
            >
              <svg
                aria-hidden="true"
                class="MuiSvgIcon-root MuiSvgIcon-fontSizeMedium css-1umw9bq-MuiSvgIcon-root"
                data-testid="DevicesRoundedIcon"
                focusable="false"
                viewBox="0 0 24 24"
              >
                <path
                  d="M4 7c0-.55.45-1 1-1h16c.55 0 1-.45 1-1s-.45-1-1-1H4c-1.1 0-2 .9-2 2v11h-.5c-.83 0-1.5.67-1.5 1.5S.67 20 1.5 20H14v-3H4zm19 1h-6c-.55 0-1 .45-1 1v10c0 .55.45 1 1 1h6c.55 0 1-.45 1-1V9c0-.55-.45-1-1-1m-1 9h-4v-7h4z"
                />
              </svg>
              <h6
                class="MuiTypography-root MuiTypography-h6 css-1miy0lu-MuiTypography-root"
              >
                Available on all platforms
              </h6>
              <p
                class="MuiTypography-root MuiTypography-body2 css-7ctihp-MuiTypography-root"
              >
                This item could let users know the product is available on all platforms, such as web, mobile, and desktop.
              </p>
            </div>
          </button>
        </div>
      </div>
      <div
        class="MuiBox-root css-eld7w0"
      >
        <div
          class="MuiPaper-root MuiPaper-outlined MuiPaper-rounded MuiCard-root css-f0nqsc-MuiPaper-root-MuiCard-root"
        >
          <div
            class="MuiBox-root css-1ujgryp"
            style="--items-imageLight: url("https://mui.com/static/images/templates/templates-images/dash-light.png"); --items-imageDark: url("https://mui.com/static/images/templates/templates-images/dash-dark.png");"
          />
        </div>
      </div>
    </div>
  </div>
</div>
`;
