// Jest Snapshot v1, https://goo.gl/fbAQLP

exports[`Highlights renders correctly 1`] = `
<div>
  <div
    class="MuiBox-root css-1kbo4vh"
    id="highlights"
  >
    <div
      class="MuiContainer-root MuiContainer-maxWidthLg css-8ghp95-MuiContainer-root"
    >
      <div
        class="MuiBox-root css-fnsx6j"
      >
        <h2
          class="MuiTypography-root MuiTypography-h4 MuiTypography-gutterBottom css-1it4a80-MuiTypography-root"
        >
          Highlights
        </h2>
        <p
          class="MuiTypography-root MuiTypography-body1 css-bnp3dc-MuiTypography-root"
        >
          Explore why our product stands out: adaptability, durability, user-friendly design, and innovation. Enjoy reliable customer support and precision in every detail.
        </p>
      </div>
      <div
        class="MuiGrid2-root MuiGrid2-container MuiGrid2-direction-xs-row MuiGrid2-spacing-xs-2 css-ubb9a5-MuiGrid2-root"
      >
        <div
          class="MuiGrid2-root MuiGrid2-direction-xs-row MuiGrid2-grid-xs-12 MuiGrid2-grid-sm-6 MuiGrid2-grid-md-4 css-1sbb1tz-MuiGrid2-root"
        >
          <div
            class="MuiPaper-root MuiPaper-elevation MuiPaper-rounded MuiPaper-elevation1 MuiCard-root MuiStack-root css-1s8ks8a-MuiPaper-root-MuiCard-root-MuiStack-root"
            style="--Paper-shadow: 0px 2px 1px -1px rgba(0,0,0,0.2),0px 1px 1px 0px rgba(0,0,0,0.14),0px 1px 3px 0px rgba(0,0,0,0.12);"
          >
            <div
              class="MuiBox-root css-yv7cd7"
            >
              <svg
                aria-hidden="true"
                class="MuiSvgIcon-root MuiSvgIcon-fontSizeMedium css-1umw9bq-MuiSvgIcon-root"
                data-testid="SettingsSuggestRoundedIcon"
                focusable="false"
                viewBox="0 0 24 24"
              >
                <path
                  d="m18.04 7.99-.63-1.4-1.4-.63c-.39-.18-.39-.73 0-.91l1.4-.63.63-1.4c.18-.39.73-.39.91 0l.63 1.4 1.4.63c.39.18.39.73 0 .91l-1.4.63-.63 1.4c-.17.39-.73.39-.91 0m3.24 4.73-.32-.72c-.18-.39-.73-.39-.91 0l-.32.72-.73.32c-.39.18-.39.73 0 .91l.72.32.32.73c.18.39.73.39.91 0l.32-.72.73-.32c.39-.18.39-.73 0-.91zm-5.04 1.65 1.23.93c.4.3.51.86.26 1.3l-1.62 2.8c-.25.44-.79.62-1.25.42l-1.43-.6c-.2.13-.42.26-.64.37l-.19 1.54c-.06.5-.49.88-.99.88H8.38c-.5 0-.93-.38-.99-.88l-.19-1.54c-.22-.11-.43-.23-.64-.37l-1.43.6c-.46.2-1 .02-1.25-.42l-1.62-2.8c-.25-.44-.14-.99.26-1.3l1.23-.93V14c0-.12 0-.25.01-.37l-1.23-.93c-.4-.3-.51-.86-.26-1.3l1.62-2.8c.25-.44.79-.62 1.25-.42l1.43.6c.2-.13.42-.26.64-.37l.19-1.54c.05-.49.48-.87.98-.87h3.23c.5 0 .93.38.99.88l.19 1.54c.22.11.43.23.64.37l1.43-.6c.46-.2 1-.02 1.25.42l1.62 2.8c.25.44.14.99-.26 1.3l-1.23.93c.01.12.01.24.01.37s0 .24-.01.36M13 14c0-1.66-1.34-3-3-3s-3 1.34-3 3 1.34 3 3 3 3-1.34 3-3"
                />
              </svg>
            </div>
            <div>
              <p
                class="MuiTypography-root MuiTypography-body1 MuiTypography-gutterBottom css-165w56m-MuiTypography-root"
              >
                Adaptable performance
              </p>
              <p
                class="MuiTypography-root MuiTypography-body2 css-1n2f3pq-MuiTypography-root"
              >
                Our product effortlessly adjusts to your needs, boosting efficiency and simplifying your tasks.
              </p>
            </div>
          </div>
        </div>
        <div
          class="MuiGrid2-root MuiGrid2-direction-xs-row MuiGrid2-grid-xs-12 MuiGrid2-grid-sm-6 MuiGrid2-grid-md-4 css-1sbb1tz-MuiGrid2-root"
        >
          <div
            class="MuiPaper-root MuiPaper-elevation MuiPaper-rounded MuiPaper-elevation1 MuiCard-root MuiStack-root css-1s8ks8a-MuiPaper-root-MuiCard-root-MuiStack-root"
            style="--Paper-shadow: 0px 2px 1px -1px rgba(0,0,0,0.2),0px 1px 1px 0px rgba(0,0,0,0.14),0px 1px 3px 0px rgba(0,0,0,0.12);"
          >
            <div
              class="MuiBox-root css-yv7cd7"
            >
              <svg
                aria-hidden="true"
                class="MuiSvgIcon-root MuiSvgIcon-fontSizeMedium css-1umw9bq-MuiSvgIcon-root"
                data-testid="ConstructionRoundedIcon"
                focusable="false"
                viewBox="0 0 24 24"
              >
                <path
                  d="m20.99 17.99-4.94-4.94-2.12 2.12 4.94 4.94c.59.59 1.54.59 2.12 0s.58-1.54 0-2.12M17.65 10c1.93 0 3.5-1.57 3.5-3.5 0-.58-.16-1.12-.41-1.6l-2.7 2.7-1.49-1.49 2.7-2.7c-.48-.25-1.02-.41-1.6-.41-1.93 0-3.5 1.57-3.5 3.5 0 .41.08.8.21 1.16l-1.85 1.85-1.78-1.78c.39-.39.39-1.02 0-1.41l-.71-.71 2.12-2.12c-1.17-1.17-3.07-1.17-4.24 0L5.08 6.32c-.39.39-.39 1.02 0 1.41l.71.71H3.25c-.19 0-.37.07-.5.21-.28.28-.28.72 0 1l2.54 2.54c.28.28.72.28 1 0 .13-.13.21-.31.21-.5V9.15l.7.7c.39.39 1.02.39 1.41 0l1.78 1.78-6.35 6.35c-.59.59-.59 1.54 0 2.12.59.59 1.54.59 2.12 0L16.48 9.79c.37.13.76.21 1.17.21"
                />
              </svg>
            </div>
            <div>
              <p
                class="MuiTypography-root MuiTypography-body1 MuiTypography-gutterBottom css-165w56m-MuiTypography-root"
              >
                Built to last
              </p>
              <p
                class="MuiTypography-root MuiTypography-body2 css-1n2f3pq-MuiTypography-root"
              >
                Experience unmatched durability that goes above and beyond with lasting investment.
              </p>
            </div>
          </div>
        </div>
        <div
          class="MuiGrid2-root MuiGrid2-direction-xs-row MuiGrid2-grid-xs-12 MuiGrid2-grid-sm-6 MuiGrid2-grid-md-4 css-1sbb1tz-MuiGrid2-root"
        >
          <div
            class="MuiPaper-root MuiPaper-elevation MuiPaper-rounded MuiPaper-elevation1 MuiCard-root MuiStack-root css-1s8ks8a-MuiPaper-root-MuiCard-root-MuiStack-root"
            style="--Paper-shadow: 0px 2px 1px -1px rgba(0,0,0,0.2),0px 1px 1px 0px rgba(0,0,0,0.14),0px 1px 3px 0px rgba(0,0,0,0.12);"
          >
            <div
              class="MuiBox-root css-yv7cd7"
            >
              <svg
                aria-hidden="true"
                class="MuiSvgIcon-root MuiSvgIcon-fontSizeMedium css-1umw9bq-MuiSvgIcon-root"
                data-testid="ThumbUpAltRoundedIcon"
                focusable="false"
                viewBox="0 0 24 24"
              >
                <path
                  d="M13.12 2.06 7.58 7.6c-.37.37-.58.88-.58 1.41V19c0 1.1.9 2 2 2h9c.8 0 1.52-.48 1.84-1.21l3.26-7.61C23.94 10.2 22.49 8 20.34 8h-5.65l.95-4.58c.1-.5-.05-1.01-.41-1.37-.59-.58-1.53-.58-2.11.01M3 21c1.1 0 2-.9 2-2v-8c0-1.1-.9-2-2-2s-2 .9-2 2v8c0 1.1.9 2 2 2"
                />
              </svg>
            </div>
            <div>
              <p
                class="MuiTypography-root MuiTypography-body1 MuiTypography-gutterBottom css-165w56m-MuiTypography-root"
              >
                Great user experience
              </p>
              <p
                class="MuiTypography-root MuiTypography-body2 css-1n2f3pq-MuiTypography-root"
              >
                Integrate our product into your routine with an intuitive and easy-to-use interface.
              </p>
            </div>
          </div>
        </div>
        <div
          class="MuiGrid2-root MuiGrid2-direction-xs-row MuiGrid2-grid-xs-12 MuiGrid2-grid-sm-6 MuiGrid2-grid-md-4 css-1sbb1tz-MuiGrid2-root"
        >
          <div
            class="MuiPaper-root MuiPaper-elevation MuiPaper-rounded MuiPaper-elevation1 MuiCard-root MuiStack-root css-1s8ks8a-MuiPaper-root-MuiCard-root-MuiStack-root"
            style="--Paper-shadow: 0px 2px 1px -1px rgba(0,0,0,0.2),0px 1px 1px 0px rgba(0,0,0,0.14),0px 1px 3px 0px rgba(0,0,0,0.12);"
          >
            <div
              class="MuiBox-root css-yv7cd7"
            >
              <svg
                aria-hidden="true"
                class="MuiSvgIcon-root MuiSvgIcon-fontSizeMedium css-1umw9bq-MuiSvgIcon-root"
                data-testid="AutoFixHighRoundedIcon"
                focusable="false"
                viewBox="0 0 24 24"
              >
                <path
                  d="m20.45 6 .49-1.06L22 4.45c.39-.18.39-.73 0-.91l-1.06-.49L20.45 2c-.18-.39-.73-.39-.91 0l-.49 1.06-1.05.49c-.39.18-.39.73 0 .91l1.06.49.49 1.05c.17.39.73.39.9 0M8.95 6l.49-1.06 1.06-.49c.39-.18.39-.73 0-.91l-1.06-.48L8.95 2c-.17-.39-.73-.39-.9 0l-.49 1.06-1.06.49c-.39.18-.39.73 0 .91l1.06.49L8.05 6c.17.39.73.39.9 0m10.6 7.5-.49 1.06-1.06.49c-.39.18-.39.73 0 .91l1.06.49.49 1.06c.18.39.73.39.91 0l.49-1.06 1.05-.5c.39-.18.39-.73 0-.91l-1.06-.49-.49-1.06c-.17-.38-.73-.38-.9.01m-1.84-4.38-2.83-2.83a.996.996 0 0 0-1.41 0L2.29 17.46c-.39.39-.39 1.02 0 1.41l2.83 2.83c.39.39 1.02.39 1.41 0L17.7 10.53c.4-.38.4-1.02.01-1.41m-3.5 2.09L12.8 9.8l1.38-1.38 1.41 1.41z"
                />
              </svg>
            </div>
            <div>
              <p
                class="MuiTypography-root MuiTypography-body1 MuiTypography-gutterBottom css-165w56m-MuiTypography-root"
              >
                Innovative functionality
              </p>
              <p
                class="MuiTypography-root MuiTypography-body2 css-1n2f3pq-MuiTypography-root"
              >
                Stay ahead with features that set new standards, addressing your evolving needs better than the rest.
              </p>
            </div>
          </div>
        </div>
        <div
          class="MuiGrid2-root MuiGrid2-direction-xs-row MuiGrid2-grid-xs-12 MuiGrid2-grid-sm-6 MuiGrid2-grid-md-4 css-1sbb1tz-MuiGrid2-root"
        >
          <div
            class="MuiPaper-root MuiPaper-elevation MuiPaper-rounded MuiPaper-elevation1 MuiCard-root MuiStack-root css-1s8ks8a-MuiPaper-root-MuiCard-root-MuiStack-root"
            style="--Paper-shadow: 0px 2px 1px -1px rgba(0,0,0,0.2),0px 1px 1px 0px rgba(0,0,0,0.14),0px 1px 3px 0px rgba(0,0,0,0.12);"
          >
            <div
              class="MuiBox-root css-yv7cd7"
            >
              <svg
                aria-hidden="true"
                class="MuiSvgIcon-root MuiSvgIcon-fontSizeMedium css-1umw9bq-MuiSvgIcon-root"
                data-testid="SupportAgentRoundedIcon"
                focusable="false"
                viewBox="0 0 24 24"
              >
                <path
                  d="M21 12.22C21 6.73 16.74 3 12 3c-4.69 0-9 3.65-9 9.28-.6.34-1 .98-1 1.72v2c0 1.1.9 2 2 2 .55 0 1-.45 1-1v-4.81c0-3.83 2.95-7.18 6.78-7.29 3.96-.12 7.22 3.06 7.22 7V19h-7c-.55 0-1 .45-1 1s.45 1 1 1h7c1.1 0 2-.9 2-2v-1.22c.59-.31 1-.92 1-1.64v-2.3c0-.7-.41-1.31-1-1.62"
                />
                <circle
                  cx="9"
                  cy="13"
                  r="1"
                />
                <circle
                  cx="15"
                  cy="13"
                  r="1"
                />
                <path
                  d="M18 11.03C17.52 8.18 15.04 6 12.05 6c-3.03 0-6.29 2.51-6.03 6.45 2.47-1.01 4.33-3.21 4.86-5.89 1.31 2.63 4 4.44 7.12 4.47"
                />
              </svg>
            </div>
            <div>
              <p
                class="MuiTypography-root MuiTypography-body1 MuiTypography-gutterBottom css-165w56m-MuiTypography-root"
              >
                Reliable support
              </p>
              <p
                class="MuiTypography-root MuiTypography-body2 css-1n2f3pq-MuiTypography-root"
              >
                Count on our responsive customer support, offering assistance that goes beyond the purchase.
              </p>
            </div>
          </div>
        </div>
        <div
          class="MuiGrid2-root MuiGrid2-direction-xs-row MuiGrid2-grid-xs-12 MuiGrid2-grid-sm-6 MuiGrid2-grid-md-4 css-1sbb1tz-MuiGrid2-root"
        >
          <div
            class="MuiPaper-root MuiPaper-elevation MuiPaper-rounded MuiPaper-elevation1 MuiCard-root MuiStack-root css-1s8ks8a-MuiPaper-root-MuiCard-root-MuiStack-root"
            style="--Paper-shadow: 0px 2px 1px -1px rgba(0,0,0,0.2),0px 1px 1px 0px rgba(0,0,0,0.14),0px 1px 3px 0px rgba(0,0,0,0.12);"
          >
            <div
              class="MuiBox-root css-yv7cd7"
            >
              <svg
                aria-hidden="true"
                class="MuiSvgIcon-root MuiSvgIcon-fontSizeMedium css-1umw9bq-MuiSvgIcon-root"
                data-testid="QueryStatsRoundedIcon"
                focusable="false"
                viewBox="0 0 24 24"
              >
                <path
                  d="M19.88 18.47c.48-.77.75-1.67.69-2.66-.13-2.15-1.84-3.97-3.97-4.2-2.72-.3-5.02 1.81-5.02 4.47 0 2.49 2.01 4.5 4.49 4.5.88 0 1.7-.26 2.39-.7l2.41 2.41c.39.39 1.03.39 1.42 0s.39-1.03 0-1.42zm-3.8.11c-1.38 0-2.5-1.12-2.5-2.5s1.12-2.5 2.5-2.5 2.5 1.12 2.5 2.5-1.12 2.5-2.5 2.5m-.36-8.5c-.74.02-1.45.18-2.1.45l-.55-.83-3.08 5.01c-.36.58-1.17.64-1.61.13l-2.12-2.47-3.06 4.9c-.31.49-.97.62-1.44.28-.42-.31-.54-.89-.26-1.34l3.78-6.05c.36-.57 1.17-.63 1.61-.12L9 12.5l3.18-5.17c.38-.62 1.28-.64 1.68-.03zm2.59.5c-.64-.28-1.33-.45-2.05-.49L20.8 2.9c.31-.49.97-.61 1.43-.27.43.31.54.9.26 1.34z"
                />
              </svg>
            </div>
            <div>
              <p
                class="MuiTypography-root MuiTypography-body1 MuiTypography-gutterBottom css-165w56m-MuiTypography-root"
              >
                Precision in every detail
              </p>
              <p
                class="MuiTypography-root MuiTypography-body2 css-1n2f3pq-MuiTypography-root"
              >
                Enjoy a meticulously crafted product where small touches make a significant impact on your overall experience.
              </p>
            </div>
          </div>
        </div>
      </div>
    </div>
  </div>
</div>
`;
