// Jest Snapshot v1, https://goo.gl/fbAQLP

exports[`MenuButton renders correctly 1`] = `
<div>
  <span
    class="MuiBadge-root css-j35v34-MuiBadge-root"
  >
    <button
      class="MuiButtonBase-root MuiIconButton-root MuiIconButton-sizeSmall css-155wbr6-MuiButtonBase-root-MuiIconButton-root"
      id=":r0:"
      tabindex="0"
      type="button"
    />
    <span
      class="MuiBadge-badge MuiBadge-dot MuiBadge-invisible MuiBadge-anchorOriginTopRight MuiBadge-anchorOriginTopRightRectangular MuiBadge-overlapRectangular MuiBadge-colorError css-dn5ucj-MuiBadge-badge"
    />
  </span>
</div>
`;
