// Jest Snapshot v1, https://goo.gl/fbAQLP

exports[`NavbarBreadcrumbs renders correctly 1`] = `
<div>
  <nav
    aria-label="breadcrumb"
    class="MuiTypography-root MuiTypography-body1 MuiBreadcrumbs-root css-5cvx94-MuiTypography-root-MuiBreadcrumbs-root"
  >
    <ol
      class="MuiBreadcrumbs-ol css-1uwp4ue-MuiBreadcrumbs-ol"
    >
      <li
        class="MuiBreadcrumbs-li"
      >
        <p
          class="MuiTypography-root MuiTypography-body1 css-1d2i4tu-MuiTypography-root"
        />
      </li>
    </ol>
  </nav>
</div>
`;
