// Jest Snapshot v1, https://goo.gl/fbAQLP

exports[`OptionsMenu renders correctly 1`] = `
<div>
  <span
    class="MuiBadge-root css-j35v34-MuiBadge-root"
  >
    <button
      aria-label="Open menu"
      class="MuiButtonBase-root MuiIconButton-root MuiIconButton-sizeSmall css-1wvc777-MuiButtonBase-root-MuiIconButton-root"
      id=":r0:"
      tabindex="0"
      type="button"
    >
      <svg
        aria-hidden="true"
        class="MuiSvgIcon-root MuiSvgIcon-fontSizeMedium css-1umw9bq-MuiSvgIcon-root"
        data-testid="MoreVertRoundedIcon"
        focusable="false"
        viewBox="0 0 24 24"
      >
        <path
          d="M12 8c1.1 0 2-.9 2-2s-.9-2-2-2-2 .9-2 2 .9 2 2 2m0 2c-1.1 0-2 .9-2 2s.9 2 2 2 2-.9 2-2-.9-2-2-2m0 6c-1.1 0-2 .9-2 2s.9 2 2 2 2-.9 2-2-.9-2-2-2"
        />
      </svg>
    </button>
    <span
      class="MuiBadge-badge MuiBadge-dot MuiBadge-invisible MuiBadge-anchorOriginTopRight MuiBadge-anchorOriginTopRightRectangular MuiBadge-overlapRectangular MuiBadge-colorError css-dn5ucj-MuiBadge-badge"
    />
  </span>
</div>
`;
