// Jest Snapshot v1, https://goo.gl/fbAQLP

exports[`TaskCard renders correctly 1`] = `<div />`;
