// Jest Snapshot v1, https://goo.gl/fbAQLP

exports[`TaskForm renders correctly 1`] = `
<div>
  <div
    class="MuiBox-root css-8atqhb"
  >
    <h1
      class="MuiTypography-root MuiTypography-h1 MuiTypography-gutterBottom css-dyz9rb-MuiTypography-root"
    >
      New Task
    </h1>
    <div
      class="MuiBox-root css-8atqhb"
    >
      <form
        sx="[object Object]"
      >
        <div
          class="MuiChip-root MuiChip-outlined MuiChip-sizeMedium MuiChip-colorDefault MuiChip-outlinedDefault css-1lrxra9-MuiChip-root"
        >
          <span
            class="MuiChip-label MuiChip-labelMedium css-16cgrcw-MuiChip-label"
          >
            status
          </span>
        </div>
        <br />
        <label
          class="MuiFormLabel-root MuiInputLabel-root MuiInputLabel-animated MuiFormLabel-colorPrimary MuiInputLabel-root MuiInputLabel-animated css-1tkmop-MuiFormLabel-root-MuiInputLabel-root"
          id="task-deadline-label"
        >
          Deadline
        </label>
        <p
          class="MuiFormHelperText-root Mui-error css-18y2hez-MuiFormHelperText-root"
        >
          Required
        </p>
        <label
          class="MuiFormLabel-root MuiInputLabel-root MuiInputLabel-animated MuiFormLabel-colorPrimary MuiInputLabel-root MuiInputLabel-animated css-1tkmop-MuiFormLabel-root-MuiInputLabel-root"
          id="task-title-label"
        >
          Title
        </label>
        <div
          class="MuiFormControl-root MuiFormControl-fullWidth MuiTextField-root css-cmpglg-MuiFormControl-root-MuiTextField-root"
        >
          <div
            class="MuiInputBase-root MuiOutlinedInput-root MuiInputBase-colorPrimary MuiInputBase-fullWidth MuiInputBase-formControl css-1blp12k-MuiInputBase-root-MuiOutlinedInput-root"
          >
            <input
              aria-invalid="false"
              class="MuiInputBase-input MuiOutlinedInput-input css-16wblaj-MuiInputBase-input-MuiOutlinedInput-input"
              id="task-title"
              type="text"
              value="title"
            />
            <fieldset
              aria-hidden="true"
              class="MuiOutlinedInput-notchedOutline css-1ll44ll-MuiOutlinedInput-notchedOutline"
            >
              <legend
                class="css-w4cd9x"
              >
                <span
                  aria-hidden="true"
                  class="notranslate"
                >
                  ​
                </span>
              </legend>
            </fieldset>
          </div>
        </div>
        <label
          class="MuiFormLabel-root MuiInputLabel-root MuiInputLabel-animated MuiFormLabel-colorPrimary MuiInputLabel-root MuiInputLabel-animated css-1tkmop-MuiFormLabel-root-MuiInputLabel-root"
          id="select-type-label"
        >
          Type
        </label>
        <div
          class="MuiInputBase-root MuiOutlinedInput-root MuiInputBase-colorPrimary MuiSelect-root css-sc8y68-MuiInputBase-root-MuiOutlinedInput-root-MuiSelect-root"
        >
          <div
            aria-expanded="false"
            aria-haspopup="listbox"
            aria-labelledby="select-type-label select-type"
            class="MuiSelect-select MuiSelect-outlined MuiInputBase-input MuiOutlinedInput-input css-w76bbz-MuiSelect-select-MuiInputBase-input-MuiOutlinedInput-input"
            id="select-type"
            role="combobox"
            tabindex="0"
          >
            Document
          </div>
          <input
            aria-hidden="true"
            aria-invalid="false"
            class="MuiSelect-nativeInput css-j0riat-MuiSelect-nativeInput"
            tabindex="-1"
            value="Document"
          />
          <svg
            aria-hidden="true"
            class="MuiSvgIcon-root MuiSvgIcon-fontSizeMedium MuiSelect-icon MuiSelect-iconOutlined css-lohd6h-MuiSvgIcon-root-MuiSelect-icon"
            data-testid="ArrowDropDownIcon"
            focusable="false"
            viewBox="0 0 24 24"
          >
            <path
              d="M7 10l5 5 5-5z"
            />
          </svg>
          <fieldset
            aria-hidden="true"
            class="MuiOutlinedInput-notchedOutline css-1ll44ll-MuiOutlinedInput-notchedOutline"
          >
            <legend
              class="css-81qg8w"
            >
              <span>
                Type
              </span>
            </legend>
          </fieldset>
        </div>
        <label
          class="MuiFormLabel-root MuiInputLabel-root MuiInputLabel-animated MuiFormLabel-colorPrimary MuiInputLabel-root MuiInputLabel-animated css-1tkmop-MuiFormLabel-root-MuiInputLabel-root"
          id="select-assignee-label"
        >
          Assignee
        </label>
        <div
          class="MuiInputBase-root MuiOutlinedInput-root MuiInputBase-colorPrimary MuiSelect-root css-sc8y68-MuiInputBase-root-MuiOutlinedInput-root-MuiSelect-root"
        >
          <div
            aria-expanded="false"
            aria-haspopup="listbox"
            aria-labelledby="select-assignee-label select-assignee"
            class="MuiSelect-select MuiSelect-outlined MuiInputBase-input MuiOutlinedInput-input css-w76bbz-MuiSelect-select-MuiInputBase-input-MuiOutlinedInput-input"
            id="select-assignee"
            role="combobox"
            tabindex="0"
          >
            <span
              aria-hidden="true"
              class="notranslate"
            >
              ​
            </span>
          </div>
          <input
            aria-hidden="true"
            aria-invalid="false"
            class="MuiSelect-nativeInput css-j0riat-MuiSelect-nativeInput"
            tabindex="-1"
            value="assignee"
          />
          <svg
            aria-hidden="true"
            class="MuiSvgIcon-root MuiSvgIcon-fontSizeMedium MuiSelect-icon MuiSelect-iconOutlined css-lohd6h-MuiSvgIcon-root-MuiSelect-icon"
            data-testid="ArrowDropDownIcon"
            focusable="false"
            viewBox="0 0 24 24"
          >
            <path
              d="M7 10l5 5 5-5z"
            />
          </svg>
          <fieldset
            aria-hidden="true"
            class="MuiOutlinedInput-notchedOutline css-1ll44ll-MuiOutlinedInput-notchedOutline"
          >
            <legend
              class="css-81qg8w"
            >
              <span>
                Assignee
              </span>
            </legend>
          </fieldset>
        </div>
        <label
          class="MuiFormLabel-root MuiInputLabel-root MuiInputLabel-animated MuiFormLabel-colorPrimary MuiInputLabel-root MuiInputLabel-animated css-1tkmop-MuiFormLabel-root-MuiInputLabel-root"
          id="task-description-label"
        >
          Description
        </label>
        <div
          class="MuiFormControl-root MuiFormControl-fullWidth MuiTextField-root css-cmpglg-MuiFormControl-root-MuiTextField-root"
        >
          <div
            class="MuiInputBase-root MuiOutlinedInput-root MuiInputBase-colorPrimary MuiInputBase-fullWidth MuiInputBase-formControl MuiInputBase-multiline css-zsp0bh-MuiInputBase-root-MuiOutlinedInput-root"
          >
            <textarea
              aria-invalid="false"
              class="MuiInputBase-input MuiOutlinedInput-input MuiInputBase-inputMultiline css-w4nesw-MuiInputBase-input-MuiOutlinedInput-input"
              id="task-description"
              style="height: 0px; overflow: hidden;"
            >
              description
            </textarea>
            <textarea
              aria-hidden="true"
              class="MuiInputBase-input MuiOutlinedInput-input MuiInputBase-inputMultiline css-w4nesw-MuiInputBase-input-MuiOutlinedInput-input"
              readonly=""
              style="visibility: hidden; position: absolute; overflow: hidden; height: 0px; top: 0px; left: 0px; transform: translateZ(0); padding-top: 0px; padding-bottom: 0px; width: 100%;"
              tabindex="-1"
            />
            <fieldset
              aria-hidden="true"
              class="MuiOutlinedInput-notchedOutline css-1ll44ll-MuiOutlinedInput-notchedOutline"
            >
              <legend
                class="css-w4cd9x"
              >
                <span
                  aria-hidden="true"
                  class="notranslate"
                >
                  ​
                </span>
              </legend>
            </fieldset>
          </div>
        </div>
        <label
          class="MuiFormLabel-root MuiInputLabel-root MuiInputLabel-animated MuiFormLabel-colorPrimary MuiInputLabel-root MuiInputLabel-animated css-1tkmop-MuiFormLabel-root-MuiInputLabel-root"
          id="task-links-label"
        >
          Links
        </label>
        <p>
          nil
        </p>
        <div
          class="MuiButtonBase-root MuiChip-root MuiChip-filled MuiChip-sizeMedium MuiChip-colorDefault MuiChip-clickable MuiChip-clickableColorDefault MuiChip-filledDefault css-1ykktcv-MuiButtonBase-root-MuiChip-root"
          role="button"
          tabindex="0"
        >
          <div
            class="MuiAvatar-root MuiAvatar-circular MuiAvatar-colorDefault MuiChip-avatar MuiChip-avatarMedium MuiChip-avatarColorDefault css-18k2bs-MuiAvatar-root"
          >
            +
          </div>
          <span
            class="MuiChip-label MuiChip-labelMedium css-1dybbl5-MuiChip-label"
          >
            New
          </span>
        </div>
        <label
          class="MuiFormLabel-root MuiInputLabel-root MuiInputLabel-animated MuiFormLabel-colorPrimary MuiInputLabel-root MuiInputLabel-animated css-1tkmop-MuiFormLabel-root-MuiInputLabel-root"
          id="task-comments-label"
        >
          Comments
        </label>
        <p>
          nil
        </p>
        <label
          class="MuiFormLabel-root MuiInputLabel-root MuiInputLabel-animated MuiFormLabel-colorPrimary MuiInputLabel-root MuiInputLabel-animated css-1tkmop-MuiFormLabel-root-MuiInputLabel-root"
          id="new-comment-label"
        >
          Add New Comment
        </label>
        <div
          class="MuiFormControl-root MuiTextField-root css-1xp5r68-MuiFormControl-root-MuiTextField-root"
        >
          <div
            class="MuiInputBase-root MuiOutlinedInput-root MuiInputBase-colorPrimary MuiInputBase-formControl css-quhxjy-MuiInputBase-root-MuiOutlinedInput-root"
          >
            <input
              aria-invalid="false"
              class="MuiInputBase-input MuiOutlinedInput-input css-16wblaj-MuiInputBase-input-MuiOutlinedInput-input"
              id="new-comment"
              type="text"
              value=""
            />
            <fieldset
              aria-hidden="true"
              class="MuiOutlinedInput-notchedOutline css-1ll44ll-MuiOutlinedInput-notchedOutline"
            >
              <legend
                class="css-w4cd9x"
              >
                <span
                  aria-hidden="true"
                  class="notranslate"
                >
                  ​
                </span>
              </legend>
            </fieldset>
          </div>
        </div>
        <button
          class="MuiButtonBase-root MuiButton-root MuiButton-text MuiButton-textPrimary MuiButton-sizeMedium MuiButton-textSizeMedium MuiButton-colorPrimary MuiButton-root MuiButton-text MuiButton-textPrimary MuiButton-sizeMedium MuiButton-textSizeMedium MuiButton-colorPrimary css-1uent87-MuiButtonBase-root-MuiButton-root"
          id=":r5:"
          tabindex="0"
          type="button"
        >
          Add
        </button>
        <br />
        <br />
        <a
          class="MuiButtonBase-root MuiButton-root MuiButton-contained MuiButton-containedError MuiButton-sizeMedium MuiButton-containedSizeMedium MuiButton-colorError MuiButton-root MuiButton-contained MuiButton-containedError MuiButton-sizeMedium MuiButton-containedSizeMedium MuiButton-colorError css-1f7qp0x-MuiButtonBase-root-MuiButton-root"
          href="/boards/1"
          id=":r6:"
          tabindex="0"
        >
          Cancel
        </a>
        <button
          class="MuiButtonBase-root MuiButton-root MuiButton-contained MuiButton-containedSecondary MuiButton-sizeMedium MuiButton-containedSizeMedium MuiButton-colorSecondary MuiButton-root MuiButton-contained MuiButton-containedSecondary MuiButton-sizeMedium MuiButton-containedSizeMedium MuiButton-colorSecondary css-1mns5ui-MuiButtonBase-root-MuiButton-root"
          id=":r7:"
          tabindex="0"
          type="button"
        >
          Save
        </button>
      </form>
    </div>
  </div>
</div>
`;
