// Jest Snapshot v1, https://goo.gl/fbAQLP

exports[`BoardSettings renders correctly 1`] = `<div />`;
